

/*
	Generated by the Particle Editor.
	To use the particle editor, launch the game and type 'editParticles' on the console.
*/
particle burstysquirt {
	{
		count				2
		material			textures/particles/smoke/impact_smoke3
		time				0.850
		cycles				1.000
		bunching			0.500
		distribution		rect 0.000 0.000 0.000 
		direction			outward "0.000" 
		orientation			view 
		speed				 "20.000"  to "0.000"
		size				 "4.000"  to "16.000"
		aspect				 "1.000" 
		rotation				 "50.000"  to "20.000"
		randomDistribution				1
		boundsExpansion				0.000
		fadeIn				0.100
		fadeOut				1.000
		fadeIndex				0.500
		color 				0.190 0.000 0.000 1.000
		fadeColor 			0.000 0.000 0.000 0.000
		offset 				1.000 0.000 0.000
		gravity 			world 30.000
	}
	{
		count				4
		material			textures/particles/bloodspray1
		time				0.800
		cycles				1.000
		bunching			0.300
		distribution		rect 2.500 1.000 1.000 
		direction			outward "0.000" 
		orientation			view 
		speed				 "80.000"  to "0.000"
		size				 "0.500"  to "22.500"
		aspect				 "1.000" 
		randomDistribution				1
		boundsExpansion				0.000
		fadeIn				0.000
		fadeOut				0.650
		fadeIndex				0.000
		color 				0.690 0.690 0.690 1.000
		fadeColor 			0.000 0.000 0.000 0.000
		offset 				3.000 0.000 0.000
		gravity 			world 100.000
	}
	{
		count				6
		material			textures/particles/bloodspray4
		time				0.800
		cycles				1.000
		bunching			0.300
		distribution		rect 1.000 2.000 2.000 
		direction			cone "90.000" 
		orientation			view 
		speed				 "40.000"  to "0.000"
		size				 "0.000"  to "18.500"
		aspect				 "1.000" 
		rotation				 "10.000"  to "0.000"
		randomDistribution				1
		boundsExpansion				0.000
		fadeIn				0.000
		fadeOut				0.650
		fadeIndex				0.000
		color 				0.850 0.850 0.850 1.000
		fadeColor 			0.000 0.000 0.000 0.000
		offset 				1.000 0.000 0.000
		gravity 			world 150.000
	}
	{
		count				1
		material			textures/particles/bloodspray3
		time				0.300
		cycles				1.000
		bunching			0.000
		distribution		rect 0.000 0.000 0.000 
		direction			cone "90.000" 
		orientation			view 
		speed				 "0.000" 
		size				 "0.000"  to "20.000"
		aspect				 "1.000" 
		randomDistribution				1
		boundsExpansion				0.000
		fadeIn				0.000
		fadeOut				0.400
		fadeIndex				0.000
		color 				0.810 0.810 0.810 1.000
		fadeColor 			0.000 0.000 0.000 0.000
		offset 				0.000 0.000 0.000
		gravity 			22.000
	}
	{
		count				1
		material			textures/particles/smoke/impact_smoke3
		time				0.860
		cycles				1.000
		bunching			0.250
		distribution		rect 0.000 0.000 0.000 
		direction			outward "0.000" 
		orientation			view 
		speed				 "40.000"  to "0.000"
		size				 "5.000"  to "20.000"
		aspect				 "1.000" 
		rotation				 "40.000"  to "20.000"
		randomDistribution				1
		boundsExpansion				0.000
		fadeIn				0.100
		fadeOut				1.000
		fadeIndex				0.500
		color 				0.190 0.000 0.000 1.000
		fadeColor 			0.000 0.000 0.000 0.000
		offset 				5.000 0.000 0.000
		gravity 			world 40.000
	}
	{
		count				3
		material			textures/particles/bloodspray3
		time				0.650
		cycles				1.000
		timeOffset			0.100
		bunching			0.250
		distribution		rect 2.000 3.000 3.000 
		direction			outward "0.000" 
		orientation			aimed 1.000 0.150 
		speed				 "120.000"  to "10.000"
		size				 "2.000"  to "0.500"
		aspect				 "1.000" 
		randomDistribution				1
		boundsExpansion				0.000
		fadeIn				0.000
		fadeOut				1.000
		fadeIndex				0.000
		color 				1.000 1.000 1.000 1.000
		fadeColor 			0.000 0.000 0.000 0.000
		offset 				5.000 0.000 0.000
		gravity 			world 86.000
	}
	{
		count				3
		material			textures/particles/bloodspray3
		time				0.650
		cycles				1.000
		timeOffset			0.100
		bunching			0.250
		distribution		rect 2.000 3.000 3.000 
		direction			outward "0.000" 
		orientation			aimed 1.000 0.150 
		speed				 "60.000"  to "5.000"
		size				 "2.000"  to "0.500"
		aspect				 "1.000" 
		randomDistribution				1
		boundsExpansion				0.000
		fadeIn				0.000
		fadeOut				1.000
		fadeIndex				0.000
		color 				1.000 1.000 1.000 1.000
		fadeColor 			0.000 0.000 0.000 0.000
		offset 				5.000 0.000 0.000
		gravity 			world 86.000
	}
}
