

/*
	Generated by the Particle Editor.
	To use the particle editor, launch the game and type 'editParticles' on the console.
*/
particle debris_sparks {
	{
		count				4
		material			textures/particles/spark3
		time				0.030
		cycles				0.000
		bunching			0.100
		distribution		rect 0.000 0.000 0.000 
		direction			outward "0.000" 
		orientation			view 
		speed				 "0.000" 
		size				 "4.000" 
		aspect				 "1.000" 
		rotation				 "300.000" 
		randomDistribution				1
		boundsExpansion				0.000
		fadeIn				0.000
		fadeOut				0.000
		fadeIndex				0.000
		color 				0.640 0.690 0.490 1.000
		fadeColor 			0.100 0.100 0.100 0.000
		offset 				0.000 0.000 0.000
		gravity 			world 75.000
	}
}

/*
	Generated by the Particle Editor.
	To use the particle editor, launch the game and type 'editParticles' on the console.
*/
particle smokewood {
	{
		count				2
		material			textures/particles/pieces/dirt
		time				0.650
		cycles				1.000
		bunching			0.000
		distribution		rect 5.000 1.000 1.000 
		direction			outward "0.000" 
		orientation			view 
		speed				 "20.000"  to "0.000"
		size				 "4.000"  to "8.000"
		aspect				 "1.000" 
		rotation				 "5.000"  to "10.000"
		randomDistribution				1
		boundsExpansion				0.000
		fadeIn				0.000
		fadeOut				1.000
		fadeIndex				0.000
		color 				0.780 0.800 0.740 1.000
		fadeColor 			0.100 0.100 0.100 0.000
		offset 				5.000 0.000 0.000
		gravity 			world 45.000
	}
	{
		count				1
		material			textures/particles/smoke/impact_smoke
		time				0.850
		cycles				1.000
		bunching			1.000
		distribution		rect 0.000 0.000 0.000 
		direction			outward "0.000" 
		orientation			view 
		speed				 "30.000"  to "0.000"
		size				 "6.000"  to "18.000"
		aspect				 "1.000" 
		rotation				 "35.000"  to "10.000"
		randomDistribution				1
		boundsExpansion				0.000
		fadeIn				0.000
		fadeOut				1.000
		fadeIndex				0.000
		color 				0.530 0.460 0.360 1.000
		fadeColor 			0.000 0.000 0.000 0.000
		offset 				2.000 0.000 0.000
		gravity 			world 15.000
	}
	{
		count				4
		material			textures/particles/pieces/fleck_wood1
		time				0.750
		cycles				1.000
		bunching			0.100
		distribution		rect 1.000 0.500 0.500 
		direction			outward "0.000" 
		orientation			view 
		speed				 "70.000"  to "0.000"
		size				 "1.700" 
		aspect				 "1.000" 
		rotation				 "500.000"  to "20.000"
		randomDistribution				1
		boundsExpansion				0.000
		fadeIn				0.000
		fadeOut				0.700
		fadeIndex				0.000
		color 				0.450 0.390 0.360 1.000
		fadeColor 			0.000 0.000 0.000 0.000
		offset 				1.000 0.000 0.000
		gravity 			world 150.000
	}
	{
		count				1
		material			textures/particles/smoke/impact_smoke
		time				0.750
		cycles				1.000
		bunching			1.000
		distribution		rect 0.000 0.000 0.000 
		direction			outward "0.000" 
		orientation			view 
		speed				 "76.000"  to "0.000"
		size				 "4.000"  to "14.000"
		aspect				 "1.000" 
		rotation				 "35.000"  to "10.000"
		randomDistribution				0
		boundsExpansion				0.000
		fadeIn				0.000
		fadeOut				1.000
		fadeIndex				0.000
		color 				0.530 0.460 0.360 1.000
		fadeColor 			0.000 0.000 0.000 0.000
		offset 				4.000 0.000 0.000
		gravity 			world 25.000
	}
	{
		count				5
		material			textures/particles/pieces/fleck_wood2
		time				0.750
		cycles				1.000
		bunching			0.100
		distribution		rect 2.000 1.400 1.400 
		direction			outward "0.000" 
		orientation			view 
		speed				 "140.000"  to "0.000"
		size				 "1.000" 
		aspect				 "1.000" 
		rotation				 "500.000"  to "20.000"
		randomDistribution				1
		boundsExpansion				0.000
		fadeIn				0.000
		fadeOut				0.700
		fadeIndex				0.000
		color 				0.450 0.390 0.360 1.000
		fadeColor 			0.000 0.000 0.000 0.000
		offset 				2.000 0.000 0.000
		gravity 			world 150.000
	}
}

/*
	Generated by the Particle Editor.
	To use the particle editor, launch the game and type 'editParticles' on the console.
*/
particle smokesand {
	{
		count				1
		material			textures/particles/pieces/debris_cloud
		time				0.400
		cycles				1.000
		bunching			0.000
		distribution		rect 0.000 0.000 0.000 
		direction			outward "0.000" 
		orientation			aimed 0.000 0.000 
		speed				 "140.000" 
		size				 "5.000"  to "8.000"
		aspect				 "1.000" 
		rotation				 "5.000"  to "10.000"
		randomDistribution				1
		boundsExpansion				0.000
		fadeIn				0.000
		fadeOut				0.600
		fadeIndex				0.000
		color 				1.000 0.470 0.190 1.000
		fadeColor 			0.100 0.100 0.100 0.000
		offset 				20.000 0.000 0.000
		gravity 			0.000
	}
	{
		count				1
		material			textures/particles/pieces/debris_cloud
		time				0.850
		cycles				1.000
		bunching			1.000
		distribution		rect 0.000 0.000 0.000 
		direction			outward "0.000" 
		orientation			view 
		speed				 "40.000"  to "0.000"
		size				 "8.000"  to "28.000"
		aspect				 "1.000" 
		rotation				 "35.000"  to "10.000"
		randomDistribution				1
		boundsExpansion				0.000
		fadeIn				0.000
		fadeOut				1.000
		fadeIndex				0.000
		color 				1.000 0.470 0.190 1.000
		fadeColor 			0.000 0.000 0.000 0.000
		offset 				1.000 0.000 0.000
		gravity 			world 4.000
	}
	{
		count				4
		material			textures/particles/pieces/dirt2
		time				0.700
		cycles				1.000
		bunching			0.100
		distribution		rect 14.000 0.000 0.000 
		direction			outward "0.000" 
		orientation			view 
		speed				 "140.000"  to "0.000"
		size				 "8.000"  to "15.000"
		aspect				 "1.000" 
		randomDistribution				1
		boundsExpansion				0.000
		fadeIn				0.000
		fadeOut				0.700
		fadeIndex				0.000
		color 				0.800 0.350 0.130 1.000
		fadeColor 			0.000 0.000 0.000 0.000
		offset 				15.000 0.000 0.000
		gravity 			world 126.000
	}
	{
		count				1
		material			textures/particles/pieces/debris_cloud
		time				0.750
		cycles				1.000
		bunching			1.000
		distribution		rect 0.000 0.000 0.000 
		direction			outward "0.000" 
		orientation			view 
		speed				 "76.000"  to "0.000"
		size				 "6.000"  to "25.000"
		aspect				 "1.000" 
		rotation				 "35.000"  to "10.000"
		randomDistribution				0
		boundsExpansion				0.000
		fadeIn				0.000
		fadeOut				1.000
		fadeIndex				0.000
		color 				1.000 0.470 0.190 1.000
		fadeColor 			0.000 0.000 0.000 0.000
		offset 				11.000 0.000 0.000
		gravity 			world 5.000
	}
	{
		count				5
		material			textures/particles/pieces/debris2
		time				0.600
		cycles				1.000
		bunching			0.150
		distribution		rect 15.000 3.000 3.000 
		direction			outward "0.000" 
		orientation			view 
		speed				 "120.000"  to "0.000"
		size				 "1.000" 
		aspect				 "1.000" 
		randomDistribution				1
		boundsExpansion				0.000
		fadeIn				0.000
		fadeOut				0.200
		fadeIndex				0.000
		color 				1.000 0.470 0.190 1.000
		fadeColor 			0.000 0.000 0.000 0.000
		offset 				15.000 0.000 0.000
		gravity 			world 170.000
	}
	{
		count				2
		material			textures/particles/pieces/dirt2
		time				0.650
		cycles				1.000
		bunching			0.100
		distribution		rect 7.000 0.000 0.000 
		direction			outward "0.000" 
		orientation			view 
		speed				 "30.000"  to "0.000"
		size				 "8.000"  to "15.000"
		aspect				 "1.000" 
		randomDistribution				1
		boundsExpansion				0.000
		fadeIn				0.000
		fadeOut				0.650
		fadeIndex				0.000
		color 				0.800 0.350 0.130 1.000
		fadeColor 			0.000 0.000 0.000 0.000
		offset 				8.000 0.000 0.000
		gravity 			world 86.000
	}
}

/*
	Generated by the Particle Editor.
	To use the particle editor, launch the game and type 'editParticles' on the console.
*/
particle smokeconcrete {
	{
		count				2
		material			textures/particles/pieces/dirt2
		time				0.650
		cycles				1.000
		bunching			0.050
		distribution		rect 7.000 0.100 0.100 
		direction			outward "0.000" 
		orientation			view 
		speed				 "30.000"  to "0.000"
		size				 "7.000"  to "10.000"
		aspect				 "1.000" 
		rotation				 "5.000"  to "10.000"
		randomDistribution				1
		boundsExpansion				0.000
		fadeIn				0.300
		fadeOut				1.000
		fadeIndex				0.000
		color 				0.780 0.800 0.740 1.000
		fadeColor 			0.100 0.100 0.100 0.000
		offset 				9.000 0.000 0.000
		gravity 			world 46.000
	}
	{
		count				1
		material			textures/particles/smoke/cloud_alpha3
		time				0.850
		cycles				1.000
		bunching			1.000
		distribution		rect 0.000 0.000 0.000 
		direction			outward "0.000" 
		orientation			view 
		speed				 "30.000"  to "0.000"
		size				 "4.000"  to "20.000"
		aspect				 "1.000" 
		rotation				 "35.000"  to "10.000"
		randomDistribution				1
		boundsExpansion				0.000
		fadeIn				0.000
		fadeOut				1.000
		fadeIndex				0.000
		color 				0.780 0.800 0.740 1.000
		fadeColor 			0.000 0.000 0.000 0.000
		offset 				1.000 0.000 0.000
		gravity 			world 4.000
	}
	{
		count				3
		material			textures/particles/pieces/debris2
		time				0.600
		cycles				1.000
		bunching			0.150
		distribution		rect 1.700 1.000 1.000 
		direction			outward "0.000" 
		orientation			view 
		speed				 "110.000"  to "0.000"
		size				 "1.000" 
		aspect				 "1.000" 
		rotation				 "500.000"  to "20.000"
		randomDistribution				1
		boundsExpansion				0.000
		fadeIn				0.000
		fadeOut				0.200
		fadeIndex				0.000
		color 				0.470 0.470 0.470 1.000
		fadeColor 			0.000 0.000 0.000 0.000
		offset 				2.000 0.000 0.000
		gravity 			world 170.000
	}
	{
		count				1
		material			textures/particles/smoke/cloud_alpha3
		time				0.750
		cycles				1.000
		bunching			1.000
		distribution		rect 0.000 0.000 0.000 
		direction			outward "0.000" 
		orientation			view 
		speed				 "70.000"  to "0.000"
		size				 "6.000"  to "25.000"
		aspect				 "1.000" 
		rotation				 "35.000"  to "10.000"
		randomDistribution				0
		boundsExpansion				0.000
		fadeIn				0.000
		fadeOut				1.000
		fadeIndex				0.000
		color 				0.780 0.800 0.740 1.000
		fadeColor 			0.000 0.000 0.000 0.000
		offset 				4.000 0.000 0.000
		gravity 			world 5.000
	}
	{
		count				5
		material			textures/particles/pieces/debris2
		time				0.600
		cycles				1.000
		bunching			0.150
		distribution		rect 2.000 1.000 1.000 
		direction			outward "0.000" 
		orientation			view 
		speed				 "190.000"  to "0.000"
		size				 "0.700" 
		aspect				 "1.000" 
		rotation				 "500.000"  to "20.000"
		randomDistribution				1
		boundsExpansion				0.000
		fadeIn				0.000
		fadeOut				0.200
		fadeIndex				0.000
		color 				0.470 0.470 0.470 1.000
		fadeColor 			0.000 0.000 0.000 0.000
		offset 				2.000 0.000 0.000
		gravity 			world 170.000
	}
	{
		count				4
		material			textures/particles/smoke/cloud_alpha3
		time				0.350
		cycles				1.000
		bunching			0.120
		distribution		rect 2.000 9.000 9.000 
		direction			outward "0.000" 
		orientation			aimed 1.000 0.200 
		speed				 "110.000"  to "0.000"
		size				 "2.000"  to "1.000"
		aspect				 "1.000" 
		randomDistribution				1
		boundsExpansion				0.000
		fadeIn				0.450
		fadeOut				1.000
		fadeIndex				0.000
		color 				0.780 0.800 0.740 1.000
		fadeColor 			0.000 0.000 0.000 0.000
		offset 				14.000 0.000 0.000
		gravity 			world 126.000
	}
	{
		count				1
		material			textures/particles/pieces/dirt2
		time				0.650
		cycles				1.000
		bunching			0.000
		distribution		rect 0.000 0.000 0.000 
		direction			outward "0.000" 
		orientation			view 
		speed				 "10.000"  to "0.000"
		size				 "7.000"  to "10.000"
		aspect				 "1.000" 
		randomDistribution				1
		boundsExpansion				0.000
		fadeIn				0.300
		fadeOut				1.000
		fadeIndex				0.000
		color 				0.780 0.800 0.740 1.000
		fadeColor 			0.000 0.000 0.000 0.000
		offset 				2.000 0.000 0.000
		gravity 			world 16.000
	}
}

/*
	Generated by the Particle Editor.
	To use the particle editor, launch the game and type 'editParticles' on the console.
*/
particle smokeplastic {
	{
		count				1
		material			textures/particles/pieces/dirt
		time				0.750
		cycles				1.000
		bunching			0.150
		distribution		rect 0.000 0.000 0.000 
		direction			outward "0.000" 
		orientation			view 
		speed				 "40.000"  to "2.000"
		size				 "4.000"  to "8.000"
		aspect				 "1.000" 
		rotation				 "5.000"  to "10.000"
		randomDistribution				1
		boundsExpansion				0.000
		fadeIn				0.300
		fadeOut				1.000
		fadeIndex				0.000
		color 				0.600 0.580 0.510 1.000
		fadeColor 			0.100 0.100 0.100 0.000
		offset 				2.000 0.000 0.000
		gravity 			world 12.000
	}
	{
		count				1
		material			textures/particles/smoke/impact_smoke3
		time				0.850
		cycles				1.000
		bunching			1.000
		distribution		rect 0.000 0.000 0.000 
		direction			outward "0.000" 
		orientation			view 
		speed				 "15.000"  to "0.000"
		size				 "4.000"  to "13.000"
		aspect				 "1.000" 
		rotation				 "35.000"  to "10.000"
		randomDistribution				1
		boundsExpansion				0.000
		fadeIn				0.000
		fadeOut				1.000
		fadeIndex				0.000
		color 				0.580 0.560 0.490 0.800
		fadeColor 			0.000 0.000 0.000 0.000
		offset 				1.000 0.000 0.000
		gravity 			world 4.000
	}
	{
		count				3
		material			textures/particles/pieces/fleck_glass1
		time				0.750
		cycles				1.000
		bunching			0.150
		distribution		rect 1.900 2.000 2.000 
		direction			outward "0.000" 
		orientation			view 
		speed				 "100.000"  to "0.000"
		size				 "1.000" 
		aspect				 "1.000" 
		rotation				 "500.000"  to "20.000"
		randomDistribution				1
		boundsExpansion				0.000
		fadeIn				0.000
		fadeOut				0.650
		fadeIndex				0.000
		color 				0.490 0.430 0.330 1.000
		fadeColor 			0.000 0.000 0.000 0.000
		offset 				2.000 0.000 0.000
		gravity 			world 65.000
	}
	{
		count				5
		material			textures/particles/pieces/fleck_glass2
		time				0.750
		cycles				1.000
		bunching			0.150
		distribution		rect 4.000 4.500 4.500 
		direction			outward "0.000" 
		orientation			view 
		speed				 "130.000"  to "0.000"
		size				 "0.700" 
		aspect				 "1.000" 
		rotation				 "500.000"  to "20.000"
		randomDistribution				1
		boundsExpansion				0.000
		fadeIn				0.000
		fadeOut				0.700
		fadeIndex				0.000
		color 				0.490 0.430 0.330 1.000
		fadeColor 			0.000 0.000 0.000 0.000
		offset 				8.000 0.000 0.000
		gravity 			world 65.000
	}
	{
		count				1
		material			textures/particles/smoke/impact_smoke3
		time				0.850
		cycles				1.000
		bunching			1.000
		distribution		rect 0.000 0.000 0.000 
		direction			outward "0.000" 
		orientation			view 
		speed				 "40.000"  to "0.000"
		size				 "4.000"  to "18.000"
		aspect				 "1.000" 
		randomDistribution				1
		boundsExpansion				0.000
		fadeIn				0.000
		fadeOut				1.000
		fadeIndex				0.000
		color 				0.580 0.560 0.490 0.800
		fadeColor 			0.000 0.000 0.000 0.000
		offset 				4.000 0.000 0.000
		gravity 			world 1.000
	}
}

/*
	Generated by the Particle Editor.
	To use the particle editor, launch the game and type 'editParticles' on the console.
*/
particle smokeglass {
	{
		count				1
		material			textures/particles/smoke/cloud_add
		time				0.320
		cycles				1.000
		bunching			0.200
		distribution		rect 0.001 0.000 0.000 
		direction			outward "0.000" 
		orientation			view 
		speed				 "25.000"  to "0.000"
		size				 "3.000"  to "6.000"
		aspect				 "1.000" 
		rotation				 "5.000"  to "10.000"
		randomDistribution				0
		boundsExpansion				0.000
		fadeIn				0.000
		fadeOut				1.000
		fadeIndex				0.000
		color 				1.000 1.000 1.000 1.000
		fadeColor 			0.000 0.000 0.000 0.000
		offset 				0.000 0.000 0.000
		gravity 			world 3.000
	}
	{
		count				1
		material			textures/particles/smoke/cloud_add
		time				0.320
		cycles				1.000
		bunching			0.200
		distribution		rect 0.000 0.000 0.000 
		direction			outward "0.000" 
		orientation			view 
		speed				 "20.000"  to "0.000"
		size				 "5.000"  to "8.000"
		aspect				 "1.000" 
		rotation				 "5.000"  to "10.000"
		randomDistribution				0
		boundsExpansion				0.000
		fadeIn				0.000
		fadeOut				1.000
		fadeIndex				0.000
		color 				1.000 1.000 1.000 1.000
		fadeColor 			0.000 0.000 0.000 0.000
		offset 				3.000 0.000 0.000
		gravity 			world 3.000
	}
	{
		count				1
		material			textures/particles/pieces/dirt2
		time				0.450
		cycles				1.000
		bunching			0.150
		distribution		rect 0.000 0.000 0.000 
		direction			outward "0.000" 
		orientation			view 
		speed				 "25.000"  to "0.000"
		size				 "3.000"  to "9.000"
		aspect				 "1.000" 
		randomDistribution				1
		boundsExpansion				0.000
		fadeIn				0.000
		fadeOut				1.000
		fadeIndex				0.000
		color 				1.000 1.000 1.000 1.000
		fadeColor 			0.000 0.000 0.000 0.000
		offset 				2.000 0.000 0.000
		gravity 			world 5.000
	}
	{
		count				2
		material			textures/particles/pieces/glass_chunks
		time				1.200
		cycles				1.000
		bunching			0.050
		distribution		rect 1.800 2.000 2.000 
		direction			outward "0.000" 
		orientation			view 
		speed				 "100.000"  to "4.000"
		size				 "1.000" 
		aspect				 "1.000" 
		rotation				 "90.000" 
		randomDistribution				1
		boundsExpansion				0.000
		fadeIn				0.000
		fadeOut				1.000
		fadeIndex				0.000
		color 				0.620 0.620 0.620 1.000
		fadeColor 			0.100 0.100 0.100 0.000
		offset 				2.000 0.000 0.000
		gravity 			world 126.000
	}
	{
		count				2
		material			textures/particles/pieces/glass_chunks
		time				1.200
		cycles				1.000
		bunching			0.050
		distribution		rect 2.000 1.300 1.300 
		direction			outward "0.000" 
		orientation			view 
		speed				 "140.000"  to "10.000"
		size				 "0.800" 
		aspect				 "1.000" 
		rotation				 "90.000" 
		randomDistribution				1
		boundsExpansion				0.000
		fadeIn				0.000
		fadeOut				1.000
		fadeIndex				0.000
		color 				0.620 0.620 0.620 1.000
		fadeColor 			0.100 0.100 0.100 0.000
		offset 				3.000 0.000 0.000
		gravity 			world 126.000
	}
}

/*
	Generated by the Particle Editor.
	To use the particle editor, launch the game and type 'editParticles' on the console.
*/
particle smokemetal {
	depthHack	3
	{
		count				1
		material			textures/particles/smoke/impact_smoke
		time				0.850
		cycles				1.000
		bunching			0.550
		distribution		rect 0.000 0.000 0.000 
		direction			outward "0.000" 
		orientation			view 
		speed				 "27.000"  to "0.000"
		size				 "6.000"  to "16.000"
		aspect				 "1.000" 
		rotation				 "35.000"  to "10.000"
		randomDistribution				1
		boundsExpansion				0.000
		fadeIn				0.000
		fadeOut				1.000
		fadeIndex				0.000
		color 				0.690 0.650 0.620 1.000
		fadeColor 			0.000 0.000 0.000 0.000
		offset 				2.000 0.000 0.000
		gravity 			world 3.000
	}
	{
		count				7
		material			textures/particles/sparks/spark_line3_vert
		time				0.450
		cycles				1.000
		bunching			0.000
		distribution		rect 1.000 3.000 3.000 
		direction			outward "0.000" 
		orientation			aimed 0.500 0.050 
		speed				 "150.000"  to "50.000"
		size				 "1.150"  to "0.100"
		aspect				 "1.000" 
		randomDistribution				1
		boundsExpansion				0.000
		fadeIn				0.000
		fadeOut				1.000
		fadeIndex				0.000
		color 				1.000 1.000 0.760 1.000
		fadeColor 			1.000 0.760 0.590 0.000
		offset 				4.000 0.000 0.000
		gravity 			world 136.000
	}
	{
		count				2
		material			textures/particles/boomboom4
		time				0.150
		cycles				1.000
		bunching			0.000
		distribution		rect 0.000 0.100 0.100 
		direction			outward "0.000" 
		orientation			view 
		speed				 "0.000" 
		size				 "0.000"  to "6.000"
		aspect				 "1.000" 
		randomDistribution				1
		boundsExpansion				0.000
		fadeIn				0.000
		fadeOut				0.600
		fadeIndex				0.000
		color 				1.000 1.000 0.760 1.000
		fadeColor 			0.000 0.000 0.000 0.000
		offset 				1.000 0.000 0.000
		gravity 			0.000
	}
	{
		count				1
		material			textures/particles/smoke/impact_smoke
		time				0.850
		cycles				1.000
		bunching			0.500
		distribution		rect 0.000 0.000 0.000 
		direction			outward "0.000" 
		orientation			view 
		speed				 "75.000"  to "0.000"
		size				 "7.000"  to "30.000"
		aspect				 "1.000" 
		rotation				 "35.000"  to "10.000"
		randomDistribution				0
		boundsExpansion				0.000
		fadeIn				0.000
		fadeOut				1.000
		fadeIndex				0.000
		color 				0.690 0.650 0.620 1.000
		fadeColor 			0.000 0.000 0.000 0.000
		offset 				6.000 0.000 0.000
		gravity 			world 8.000
	}
	{
		count				8
		material			textures/particles/sparks/spark_line3_vert
		time				0.450
		cycles				1.000
		bunching			0.000
		distribution		rect 7.000 5.000 5.000 
		direction			outward "0.000" 
		orientation			aimed 0.300 0.025 
		speed				 "160.000"  to "50.000"
		size				 "1.200"  to "0.100"
		aspect				 "1.000" 
		randomDistribution				1
		boundsExpansion				0.000
		fadeIn				0.000
		fadeOut				1.000
		fadeIndex				0.000
		color 				1.000 1.000 0.760 1.000
		fadeColor 			1.000 0.760 0.590 0.000
		offset 				8.000 0.000 0.000
		gravity 			world 126.000
	}
	{
		count				7
		material			textures/particles/sparks/spark_line3_vert
		time				0.450
		cycles				1.000
		bunching			0.000
		distribution		rect 3.500 9.000 9.000 
		direction			outward "0.000" 
		orientation			aimed 0.500 0.050 
		speed				 "150.000"  to "50.000"
		size				 "1.150"  to "0.100"
		aspect				 "1.000"  to "0.100"
		randomDistribution				1
		boundsExpansion				0.000
		fadeIn				0.000
		fadeOut				1.000
		fadeIndex				0.000
		color 				1.000 1.000 0.760 1.000
		fadeColor 			1.000 0.760 0.590 0.000
		offset 				15.000 0.000 0.000
		gravity 			world 136.000
	}
	{
		count				1
		material			textures/particles/boomboom2
		time				0.150
		cycles				1.000
		bunching			0.000
		distribution		rect 0.500 0.000 0.000 
		direction			outward "0.000" 
		orientation			view 
		speed				 "0.000" 
		size				 "0.000"  to "6.000"
		aspect				 "1.000" 
		randomDistribution				0
		boundsExpansion				0.000
		fadeIn				0.000
		fadeOut				0.600
		fadeIndex				0.000
		color 				1.000 1.000 0.760 1.000
		fadeColor 			0.000 0.000 0.000 0.000
		offset 				0.000 0.000 0.000
		gravity 			0.000
	}
}

/*
	Generated by the Particle Editor.
	To use the particle editor, launch the game and type 'editParticles' on the console.
*/
particle smokestone {
	{
		count				2
		material			textures/particles/pieces/dirt
		time				0.650
		cycles				1.000
		bunching			0.000
		distribution		rect 5.500 0.500 0.500 
		direction			outward "0.000" 
		orientation			view 
		speed				 "20.000"  to "5.000"
		size				 "8.000"  to "12.000"
		aspect				 "1.000" 
		rotation				 "5.000"  to "10.000"
		randomDistribution				1
		boundsExpansion				0.000
		fadeIn				0.300
		fadeOut				1.000
		fadeIndex				0.000
		color 				0.960 0.990 0.910 1.000
		fadeColor 			0.100 0.100 0.100 0.000
		offset 				6.000 0.000 0.000
		gravity 			world 26.000
	}
	{
		count				1
		material			textures/particles/smoke/impact_smoke3
		time				0.850
		cycles				1.000
		bunching			1.000
		distribution		rect 0.000 0.000 0.000 
		direction			outward "0.000" 
		orientation			view 
		speed				 "20.000"  to "0.000"
		size				 "6.000"  to "25.000"
		aspect				 "1.000" 
		rotation				 "35.000"  to "10.000"
		randomDistribution				1
		boundsExpansion				0.000
		fadeIn				0.000
		fadeOut				1.000
		fadeIndex				0.000
		color 				0.670 0.570 0.530 1.000
		fadeColor 			0.000 0.000 0.000 0.000
		offset 				1.000 0.000 0.000
		gravity 			world 4.000
	}
	{
		count				3
		material			textures/particles/pieces/debris1
		time				0.600
		cycles				1.000
		bunching			0.150
		distribution		rect 1.900 1.000 1.000 
		direction			outward "0.000" 
		orientation			view 
		speed				 "110.000"  to "0.000"
		size				 "1.000" 
		aspect				 "1.000" 
		rotation				 "500.000"  to "20.000"
		randomDistribution				1
		boundsExpansion				0.000
		fadeIn				0.000
		fadeOut				0.200
		fadeIndex				0.000
		color 				0.690 0.600 0.550 1.000
		fadeColor 			0.000 0.000 0.000 0.000
		offset 				2.000 0.000 0.000
		gravity 			world 170.000
	}
	{
		count				1
		material			textures/particles/smoke/impact_smoke3
		time				0.750
		cycles				1.000
		bunching			1.000
		distribution		rect 0.000 0.000 0.000 
		direction			outward "0.000" 
		orientation			view 
		speed				 "70.000"  to "0.000"
		size				 "4.000"  to "20.000"
		aspect				 "1.000" 
		rotation				 "35.000"  to "10.000"
		randomDistribution				0
		boundsExpansion				0.000
		fadeIn				0.000
		fadeOut				1.000
		fadeIndex				0.000
		color 				0.650 0.550 0.510 1.000
		fadeColor 			0.000 0.000 0.000 0.000
		offset 				4.000 0.000 0.000
		gravity 			world 5.000
	}
	{
		count				5
		material			textures/particles/pieces/debris2
		time				0.600
		cycles				1.000
		bunching			0.150
		distribution		rect 2.300 1.000 1.000 
		direction			outward "0.000" 
		orientation			view 
		speed				 "190.000"  to "0.000"
		size				 "0.600" 
		aspect				 "1.000" 
		rotation				 "500.000"  to "20.000"
		randomDistribution				1
		boundsExpansion				0.000
		fadeIn				0.000
		fadeOut				0.200
		fadeIndex				0.000
		color 				0.690 0.600 0.540 1.000
		fadeColor 			0.000 0.000 0.000 0.000
		offset 				3.000 0.000 0.000
		gravity 			world 170.000
	}
}

/*
	Generated by the Particle Editor.
	To use the particle editor, launch the game and type 'editParticles' on the console.
*/
particle smokecardboard {
	{
		count				1
		material			textures/particles/pieces/dirt2
		time				0.750
		cycles				1.000
		bunching			0.150
		distribution		rect 0.000 0.000 0.000 
		direction			outward "0.000" 
		orientation			view 
		speed				 "10.000"  to "2.000"
		size				 "10.000"  to "15.000"
		aspect				 "1.000" 
		rotation				 "5.000"  to "10.000"
		randomDistribution				1
		boundsExpansion				0.000
		fadeIn				0.300
		fadeOut				1.000
		fadeIndex				0.000
		color 				0.910 0.910 0.910 1.000
		fadeColor 			0.100 0.100 0.100 0.000
		offset 				2.000 0.000 0.000
		gravity 			world 15.000
	}
	{
		count				1
		material			textures/particles/smoke/impact_smoke3
		time				0.850
		cycles				1.000
		bunching			1.000
		distribution		rect 0.000 0.000 0.000 
		direction			outward "0.000" 
		orientation			view 
		speed				 "30.000"  to "0.000"
		size				 "4.000"  to "20.000"
		aspect				 "1.000" 
		rotation				 "35.000"  to "10.000"
		randomDistribution				1
		boundsExpansion				0.000
		fadeIn				0.000
		fadeOut				1.000
		fadeIndex				0.000
		color 				0.910 0.910 0.910 1.000
		fadeColor 			0.000 0.000 0.000 0.000
		offset 				1.000 0.000 0.000
		gravity 			world 4.000
	}
	{
		count				3
		material			textures/particles/pieces/debris4
		time				0.750
		cycles				1.000
		bunching			0.150
		distribution		rect 1.900 2.000 2.000 
		direction			outward "0.000" 
		orientation			view 
		speed				 "50.000"  to "0.000"
		size				 "1.000" 
		aspect				 "1.000" 
		rotation				 "500.000"  to "20.000"
		randomDistribution				1
		boundsExpansion				0.000
		fadeIn				0.000
		fadeOut				0.650
		fadeIndex				0.000
		color 				0.910 0.910 0.910 1.000
		fadeColor 			0.000 0.000 0.000 0.000
		offset 				2.000 0.000 0.000
		gravity 			world 15.000
	}
	{
		count				5
		material			textures/particles/pieces/debris4
		time				0.750
		cycles				1.000
		bunching			0.150
		distribution		rect 4.000 4.500 4.500 
		direction			outward "0.000" 
		orientation			view 
		speed				 "70.000"  to "0.000"
		size				 "0.700" 
		aspect				 "1.000" 
		rotation				 "500.000"  to "20.000"
		randomDistribution				1
		boundsExpansion				0.000
		fadeIn				0.000
		fadeOut				0.700
		fadeIndex				0.000
		color 				0.910 0.910 0.910 1.000
		fadeColor 			0.000 0.000 0.000 0.000
		offset 				8.000 0.000 0.000
		gravity 			world 15.000
	}
	{
		count				2
		material			textures/particles/pieces/dirt2
		time				0.750
		cycles				1.000
		bunching			0.150
		distribution		rect 5.000 0.100 0.100 
		direction			outward "0.000" 
		orientation			view 
		speed				 "70.000"  to "0.000"
		size				 "9.000"  to "14.000"
		aspect				 "1.000" 
		randomDistribution				1
		boundsExpansion				0.000
		fadeIn				0.300
		fadeOut				1.000
		fadeIndex				0.000
		color 				0.910 0.910 0.910 1.000
		fadeColor 			0.000 0.000 0.000 0.000
		offset 				6.000 0.000 0.000
		gravity 			world 20.000
	}
}