

/*
	Generated by the Particle Editor.
	To use the particle editor, launch the game and type 'editParticles' on the console.
*/
particle hand_drag {
	{
		count				84
		material			_default
		time				2.250
		cycles				0.000
		bunching			1.000
		distribution		sphere 8.000 8.000 8.000 
		direction			outward "90.000" 
		orientation			view 
		speed				 "0.000"  to "133.000"
		size				 "0.000"  to "3.500"
		aspect				 "1.000" 
		randomDistribution				1
		boundsExpansion				0.000
		fadeIn				0.100
		fadeOut				0.250
		fadeIndex				0.000
		color 				1.000 1.000 1.000 1.000
		fadeColor 			0.000 0.000 0.000 0.000
		offset 				0.000 0.000 0.000
		gravity 			6.000
	}
}

/*
	Generated by the Particle Editor.
	To use the particle editor, launch the game and type 'editParticles' on the console.
*/
particle hand_drag1 {
	{
		count				40
		material			textures/particles/s_lightning
		time				1.100
		cycles				0.000
		bunching			1.000
		distribution		rect 0.000 0.000 0.000 
		direction			cone "0.000" 
		orientation			view 
		speed				 "-2.000"  to "0.000"
		size				 "0.000"  to "1.500"
		aspect				 "0.000"  to "4.000"
		randomDistribution				0
		boundsExpansion				0.000
		fadeIn				0.100
		fadeOut				0.250
		fadeIndex				0.000
		color 				0.000 0.080 0.180 1.000
		fadeColor 			0.000 0.000 0.000 0.000
		offset 				0.000 0.000 0.000
		gravity 			1.000
	}
	{
		count				4
		material			textures/sfx/vp1particle2
		time				1.500
		cycles				0.000
		bunching			1.000
		distribution		rect 1.000 1.000 1.000 
		direction			cone "90.000" 
		orientation			view 
		speed				 "0.000"  to "4.000"
		size				 "0.000"  to "4.500"
		aspect				 "1.000" 
		randomDistribution				1
		boundsExpansion				0.000
		fadeIn				0.100
		fadeOut				0.250
		fadeIndex				0.000
		color 				1.000 1.000 1.000 1.000
		fadeColor 			0.000 0.000 0.000 0.000
		offset 				0.000 0.000 0.000
		gravity 			1.000
	}
}

/*
	Generated by the Particle Editor.
	To use the particle editor, launch the game and type 'editParticles' on the console.
*/
particle hand_drag_fx {
	{
		count				10
		material			textures/sfx/vp2
		time				1.550
		cycles				0.000
		bunching			1.000
		distribution		rect 2.000 2.000 0.000 
		direction			cone "0.000" 
		orientation			view 
		speed				 "4.000"  to "26.000"
		size				 "0.000"  to "23.000"
		aspect				 "1.000"  to "2.000"
		randomDistribution				1
		boundsExpansion				0.000
		fadeIn				1.000
		fadeOut				1.000
		fadeIndex				0.000
		color 				1.000 1.000 0.900 0.100
		fadeColor 			0.000 0.000 0.000 0.000
		offset 				0.000 0.000 0.000
		gravity 			-10.000
	}
}