/*
	Generated by the Particle Editor.
	To use the particle editor, launch the game and type 'editParticles' on the console.
*/
particle plasmaimpact {
	depthHack	10
	{
		count				1
		material			textures/particles/boomboom2
		time				1.400
		cycles				1.000
		bunching			0.050
		distribution		sphere 10.000 10.000 0.000 
		direction			cone 0.000 
		orientation			view 
		speed				 "0.000" 
		size				 "10.000"  to "43.000"
		aspect				 "1.000" 
		randomDistribution				1
		boundsExpansion				0.000
		fadeIn				0.100
		fadeOut				0.750
		fadeIndex				0.000
		color 				0.000 0.360 0.490 1.000
		fadeColor 			0.000 0.000 0.000 0.000
		offset 				0.000 0.000 0.000
		gravity 			world 0.000
	}
	{
		count				1
		material			textures/particles/boomboom
		time				0.150
		cycles				1.000
		bunching			0.050
		distribution		sphere 2.000 2.000 2.000 
		direction			cone 0.000 
		orientation			view 
		speed				 "0.200"  to "0.000"
		size				 "0.000"  to "35.000"
		aspect				 "1.000" 
		randomDistribution				1
		boundsExpansion				0.000
		fadeIn				0.050
		fadeOut				0.450
		fadeIndex				0.000
		color 				0.200 0.880 1.000 1.000
		fadeColor 			0.000 0.000 0.000 0.000
		offset 				0.000 0.000 0.000
		gravity 			world 0.000
	}
	{
		count				1
		material			textures/particles/boomboom
		time				0.150
		cycles				1.000
		bunching			0.050
		distribution		sphere 2.000 2.000 2.000 
		direction			cone 0.000 
		orientation			view 
		speed				 "0.000" 
		size				 "5.000"  to "40.000"
		aspect				 "1.000" 
		randomDistribution				1
		boundsExpansion				0.000
		fadeIn				0.050
		fadeOut				0.700
		fadeIndex				0.000
		color 				0.010 0.870 1.000 1.000
		fadeColor 			0.000 0.000 0.000 0.000
		offset 				0.000 0.000 0.000
		gravity 			world 0.000
	}
	{
		count				1
		material			textures/particles/boomboom2
		time				0.150
		cycles				1.000
		bunching			0.050
		distribution		sphere 7.000 7.000 7.000 
		direction			cone 0.000 
		orientation			view 
		speed				 "0.000" 
		size				 "0.000"  to "60.500"
		aspect				 "1.000" 
		randomDistribution				1
		boundsExpansion				0.000
		fadeIn				0.050
		fadeOut				0.350
		fadeIndex				0.000
		color 				0.010 0.870 1.000 1.000
		fadeColor 			0.000 0.000 0.000 0.000
		offset 				0.000 0.000 0.000
		gravity 			world 0.000
	}
	{
		count				1
		material			textures/particles/bfgballblast
		time				0.250
		cycles				1.000
		bunching			0.050
		distribution		sphere 7.000 7.000 7.000 
		direction			cone 0.000 
		orientation			z 
		speed				 "0.000" 
		size				 "0.000"  to "30.000"
		aspect				 "1.000" 
		randomDistribution				1
		boundsExpansion				0.000
		fadeIn				0.050
		fadeOut				0.350
		fadeIndex				0.000
		color 				0.000 0.400 1.000 1.000
		fadeColor 			0.000 0.000 0.000 0.000
		offset 				0.000 0.000 0.000
		gravity 			world 0.000
	}
	{
		count				1
		material			textures/particles/plasmablast
		time				0.250
		cycles				1.000
		bunching			0.050
		distribution		sphere 7.000 7.000 7.000 
		direction			cone 0.000 
		orientation			view 
		speed				 "0.000" 
		size				 "5.000"  to "35.000"
		aspect				 "1.000" 
		randomDistribution				1
		boundsExpansion				0.000
		fadeIn				0.050
		fadeOut				0.350
		fadeIndex				0.000
		color 				0.000 0.400 1.000 1.000
		fadeColor 			0.000 0.000 0.000 0.000
		offset 				0.000 0.000 0.000
		gravity 			world 0.000
	}
}

/*
	Generated by the Particle Editor.
	To use the particle editor, launch the game and type 'editParticles' on the console.
*/
particle plasmarailimpact {
	depthHack	10
	{
		count				1
		material			textures/particles/boomboom2
		time				1.400
		cycles				1.000
		bunching			0.050
		distribution		sphere 10.000 10.000 0.000 
		direction			cone "0.000" 
		orientation			view 
		speed				 "0.000" 
		size				 "10.000"  to "43.000"
		aspect				 "1.000" 
		randomDistribution				1
		boundsExpansion				0.000
		fadeIn				0.100
		fadeOut				0.750
		fadeIndex				0.000
		color 				0.000 0.360 0.490 1.000
		fadeColor 			0.000 0.000 0.000 0.000
		offset 				0.000 0.000 0.000
		gravity 			world 0.000
	}
	{
		count				1
		material			textures/particles/boomboom
		time				0.200
		cycles				1.000
		bunching			0.050
		distribution		sphere 2.000 2.000 2.000 
		direction			cone "0.000" 
		orientation			view 
		speed				 "0.200"  to "0.000"
		size				 "0.000"  to "35.000"
		aspect				 "1.000" 
		randomDistribution				1
		boundsExpansion				0.000
		fadeIn				0.050
		fadeOut				0.450
		fadeIndex				0.000
		color 				0.200 0.880 1.000 1.000
		fadeColor 			0.000 0.000 0.000 0.000
		offset 				0.000 0.000 0.000
		gravity 			world 0.000
	}
	{
		count				1
		material			textures/particles/boomboom
		time				0.200
		cycles				1.000
		bunching			0.050
		distribution		sphere 2.000 2.000 2.000 
		direction			cone "0.000" 
		orientation			view 
		speed				 "0.000" 
		size				 "5.000"  to "40.000"
		aspect				 "1.000" 
		randomDistribution				1
		boundsExpansion				0.000
		fadeIn				0.050
		fadeOut				0.700
		fadeIndex				0.000
		color 				0.010 0.870 1.000 1.000
		fadeColor 			0.000 0.000 0.000 0.000
		offset 				0.000 0.000 0.000
		gravity 			world 0.000
	}
	{
		count				1
		material			textures/particles/boomboom2
		time				0.200
		cycles				1.000
		bunching			0.050
		distribution		sphere 7.000 7.000 7.000 
		direction			cone "0.000" 
		orientation			view 
		speed				 "0.000" 
		size				 "0.000"  to "60.500"
		aspect				 "1.000" 
		randomDistribution				1
		boundsExpansion				0.000
		fadeIn				0.050
		fadeOut				0.350
		fadeIndex				0.000
		color 				0.010 0.870 1.000 1.000
		fadeColor 			0.000 0.000 0.000 0.000
		offset 				0.000 0.000 0.000
		gravity 			world 0.000
	}
	{
		count				1
		material			textures/particles/bfgballblast
		time				0.300
		cycles				1.000
		bunching			0.050
		distribution		sphere 7.000 7.000 7.000 
		direction			cone "0.000" 
		orientation			z 
		speed				 "0.000" 
		size				 "0.000"  to "30.000"
		aspect				 "1.000" 
		randomDistribution				1
		boundsExpansion				0.000
		fadeIn				0.050
		fadeOut				0.350
		fadeIndex				0.000
		color 				0.000 0.400 1.000 1.000
		fadeColor 			0.000 0.000 0.000 0.000
		offset 				0.000 0.000 0.000
		gravity 			world 0.000
	}
	{
		count				1
		material			textures/particles/plasmablast
		time				0.300
		cycles				1.000
		bunching			0.050
		distribution		sphere 7.000 7.000 7.000 
		direction			cone "0.000" 
		orientation			view 
		speed				 "0.000" 
		size				 "5.000"  to "35.000"
		aspect				 "1.000" 
		randomDistribution				1
		boundsExpansion				0.000
		fadeIn				0.050
		fadeOut				0.350
		fadeIndex				0.000
		color 				0.000 0.400 1.000 1.000
		fadeColor 			0.000 0.000 0.000 0.000
		offset 				0.000 0.000 0.000
		gravity 			world 0.000
	}
	{
		count				1
		material			textures/sfx/vpring3
		time				0.300
		cycles				1.000
		bunching			1.000
		distribution		rect 0.000 0.000 0.000 
		direction			outward "0.000" 
		orientation			view 
		speed				 "0.000" 
		size				 "5.000"  to "25.000"
		aspect				 "1.000" 
		randomDistribution				1
		boundsExpansion				0.000
		fadeIn				0.100
		fadeOut				0.250
		fadeIndex				0.000
		color 				1.000 1.000 1.000 1.000
		fadeColor 			0.000 0.000 0.000 0.000
		offset 				0.000 0.000 0.000
		gravity 			1.000
	}
}