

/*
	Generated by the Particle Editor.
	To use the particle editor, launch the game and type 'editParticles' on the console.
*/
particle rail_trail {
	depthHack	70
	{
		count				4
		material			textures/particles/tracer1_vert_nodeform
		time				0.600
		cycles				1.000
		bunching			0.200
		distribution		sphere 0.000 0.000 0.000 
		direction			outward "0.000" 
		orientation			aimed 20.000 0.400 
		customPath helix 6.000 6.000 0.000 15.000 150.000 
		speed				 "200.000" 
		size				 "2.000"  to "0.700"
		aspect				 "1.000" 
		randomDistribution				1
		boundsExpansion				0.000
		fadeIn				0.000
		fadeOut				0.650
		fadeIndex				0.700
		color 				0.020 0.540 0.820 1.000
		fadeColor 			0.000 0.000 0.000 0.000
		offset 				0.000 0.000 0.000
		gravity 			0.000
	}
	{
		count				1
		material			textures/particles/weapons/railgun_ring
		time				1.200
		cycles				1.000
		timeOffset			0.600
		bunching			0.000
		distribution		rect 3.000 3.000 0.000 
		direction			outward "0.000" 
		orientation			view 
		speed				 "0.000" 
		size				 "10.000"  to "18.000"
		aspect				 "1.000" 
		randomDistribution				1
		boundsExpansion				0.000
		fadeIn				0.650
		fadeOut				1.000
		fadeIndex				0.650
		color 				0.140 0.560 0.660 1.000
		fadeColor 			0.000 0.000 0.000 0.000
		offset 				0.000 0.000 0.000
		gravity 			world -5.000
	}
}
