

/*
	Generated by the Particle Editor.
	To use the particle editor, launch the game and type 'editParticles' on the console.
*/
particle smokesparks {
	{
		count				3
		material			textures/particles/smoke/cloud_add
		time				1.200
		cycles				1.000
		timeOffset			0.200
		bunching			0.500
		distribution		rect 0.000 0.000 0.000 
		direction			outward "0.000" 
		orientation			view 
		speed				 "0.000" 
		size				 "3.000"  to "1.500"
		aspect				 "1.000" 
		rotation				 "5.000"  to "10.000"
		randomDistribution				0
		boundsExpansion				0.000
		fadeIn				0.300
		fadeOut				1.000
		fadeIndex				0.000
		color 				0.760 0.760 0.760 1.000
		fadeColor 			0.000 0.000 0.000 0.000
		offset 				1.000 0.000 0.000
		gravity 			world -12.000
	}
	{
		count				5
		material			textures/particles/sparks/spark_line3_vert
		time				0.450
		cycles				1.000
		bunching			0.000
		distribution		rect 1.400 4.000 4.000 
		direction			outward "0.000" 
		orientation			aimed 0.500 0.047 
		speed				 "130.000"  to "45.000"
		size				 "1.100"  to "0.100"
		aspect				 "1.000" 
		randomDistribution				1
		boundsExpansion				0.000
		fadeIn				0.000
		fadeOut				1.000
		fadeIndex				0.000
		color 				1.000 1.000 0.760 1.000
		fadeColor 			1.000 0.760 0.590 0.000
		offset 				4.000 0.000 0.000
		gravity 			world 146.000
	}
	{
		count				2
		material			textures/particles/boomboom4
		time				0.270
		cycles				1.000
		bunching			0.000
		distribution		rect 0.000 0.100 0.100 
		direction			outward "0.000" 
		orientation			view 
		speed				 "5.000"  to "0.000"
		size				 "0.000"  to "10.000"
		aspect				 "1.000" 
		randomDistribution				1
		boundsExpansion				0.000
		fadeIn				0.000
		fadeOut				0.450
		fadeIndex				0.000
		color 				1.000 0.950 0.630 1.000
		fadeColor 			0.000 0.000 0.000 0.000
		offset 				1.000 0.000 0.000
		gravity 			0.000
	}
	{
		count				6
		material			textures/particles/sparks/spark_line3_vert
		time				0.500
		cycles				1.000
		bunching			0.000
		distribution		rect 6.000 10.000 10.000 
		direction			outward "0.000" 
		orientation			aimed 0.300 0.025 
		speed				 "150.000"  to "30.000"
		size				 "1.150"  to "0.100"
		aspect				 "1.000" 
		randomDistribution				1
		boundsExpansion				0.000
		fadeIn				0.000
		fadeOut				1.000
		fadeIndex				0.000
		color 				1.000 1.000 0.760 1.000
		fadeColor 			1.000 0.760 0.590 0.000
		offset 				12.000 0.000 0.000
		gravity 			world 136.000
	}
	{
		count				5
		material			textures/particles/sparks/spark_line3_vert
		time				0.450
		cycles				1.000
		bunching			0.000
		distribution		rect 3.500 13.500 13.500 
		direction			outward "0.000" 
		orientation			aimed 0.500 0.047 
		speed				 "150.000"  to "50.000"
		size				 "1.100"  to "0.100"
		aspect				 "1.000" 
		randomDistribution				1
		boundsExpansion				0.000
		fadeIn				0.000
		fadeOut				1.000
		fadeIndex				0.000
		color 				1.000 1.000 0.760 1.000
		fadeColor 			1.000 0.760 0.590 0.000
		offset 				15.000 0.000 0.000
		gravity 			world 146.000
	}
	{
		count				1
		material			textures/particles/smoke/impact_smoke3
		time				0.750
		cycles				1.000
		bunching			0.250
		distribution		rect 1.000 1.000 1.000 
		direction			outward "0.000" 
		orientation			view 
		speed				 "5.000"  to "0.000"
		size				 "4.000"  to "9.000"
		aspect				 "1.000" 
		randomDistribution				1
		boundsExpansion				0.000
		fadeIn				0.200
		fadeOut				0.850
		fadeIndex				0.000
		color 				1.000 1.000 1.000 1.000
		fadeColor 			0.000 0.000 0.000 0.000
		offset 				2.000 0.000 0.000
		gravity 			1.000
	}
}
