

/*
	Generated by the Particle Editor.
	To use the particle editor, launch the game and type 'editParticles' on the console.
*/
particle tmp {
	{
		count				4
		material			textures/particles/smoke/impact_smoke2
		time				1.000
		cycles				0.000
		bunching			0.700
		distribution		rect 8.000 8.000 8.000 
		direction			outward "0.000" 
		orientation			view 
		speed				 "100.000"  to "0.000"
		size				 "20.000"  to "50.000"
		aspect				 "1.000" 
		randomDistribution				1
		boundsExpansion				0.000
		fadeIn				0.000
		fadeOut				0.000
		fadeIndex				0.000
		color 				0.390 0.390 0.390 1.000
		fadeColor 			0.000 0.000 0.000 0.000
		offset 				0.000 0.000 12.000
		gravity 			1.000
	}
}