

/*
	Generated by the Particle Editor.
	To use the particle editor, launch the game and type 'editParticles' on the console.
*/
particle tracer {
	{
		count				1
		material			textures/particles/tracer1_vert
		time				0.012
		cycles				0.000
		bunching			1.000
		distribution		rect 0.000 0.000 0.000 
		direction			outward "0.000" 
		orientation			aimed 0.000 0.000 
		speed				 "225.000" 
		size				 "1.200" 
		aspect				 "1.000" 
		randomDistribution				0
		boundsExpansion				0.000
		fadeIn				0.000
		fadeOut				0.000
		fadeIndex				0.000
		color 				1.000 1.000 1.000 1.000
		fadeColor 			1.000 1.000 1.000 1.000
		offset 				0.000 0.000 1.000
		gravity 			0.000
	}
}

/*
	Generated by the Particle Editor.
	To use the particle editor, launch the game and type 'editParticles' on the console.
*/
particle tracerold {
	{
		count				1
		material			textures/particles/tracer2_vert
		time				0.030
		cycles				0.000
		bunching			1.000
		distribution		rect 0.000 0.000 0.000 
		direction			outward "0.000" 
		orientation			aimed 0.000 0.000 
		speed				 "220.000" 
		size				 "0.400" 
		aspect				 "1.000" 
		randomDistribution				0
		boundsExpansion				0.000
		fadeIn				0.000
		fadeOut				0.000
		fadeIndex				0.000
		color 				1.000 1.000 1.000 1.000
		fadeColor 			1.000 1.000 1.000 1.000
		offset 				0.000 0.000 1.000
		gravity 			0.000
	}
}

/*
	Generated by the Particle Editor.
	To use the particle editor, launch the game and type 'editParticles' on the console.
*/
particle tracerchaingun {
	{
		count				1
		material			textures/particles/tracer1_vert
		time				0.030
		cycles				0.000
		bunching			1.000
		distribution		rect 0.000 0.000 0.000 
		direction			outward "0.000" 
		orientation			aimed 0.000 0.000 
		speed				 "255.000" 
		size				 "1.800" 
		aspect				 "1.000" 
		randomDistribution				0
		boundsExpansion				0.000
		fadeIn				0.000
		fadeOut				0.000
		fadeIndex				0.000
		color 				1.000 1.000 1.000 1.000
		fadeColor 			1.000 1.000 1.000 1.000
		offset 				0.000 0.000 1.000
		gravity 			0.000
	}
}



