

/*
	Generated by the Particle Editor.
	To use the particle editor, launch the game and type 'editParticles' on the console.
*/
particle hand_proj {
	{
		count				84
		material			textures/particles/s_lightning
		time				1.100
		cycles				0.000
		bunching			1.000
		distribution		sphere 3.000 3.000 3.000 
		direction			outward "0.000" 
		orientation			view 
		speed				 "-4.000"  to "13.000"
		size				 "0.000"  to "4.500"
		aspect				 "0.000"  to "16.500"
		rotation				 "39.000"  to "76.000"
		randomDistribution				0
		boundsExpansion				0.000
		fadeIn				0.100
		fadeOut				0.250
		fadeIndex				0.000
		color 				0.000 0.080 0.180 1.000
		fadeColor 			0.000 0.000 0.000 0.000
		offset 				0.000 0.000 0.000
		gravity 			1.000
	}
	{
		count				28
		material			textures/sfx/vp1particle
		time				1.500
		cycles				0.000
		bunching			1.000
		distribution		sphere 8.000 8.000 8.000 
		direction			cone "90.000" 
		orientation			view 
		speed				 "0.000"  to "21.000"
		size				 "0.000"  to "1.000"
		aspect				 "13.500"  to "38.500"
		randomDistribution				1
		boundsExpansion				0.000
		fadeIn				0.100
		fadeOut				0.250
		fadeIndex				0.000
		color 				1.000 1.000 1.000 1.000
		fadeColor 			0.000 0.000 0.000 0.000
		offset 				0.000 0.000 0.000
		gravity 			0.000
	}
}