

/*
	Generated by the Particle Editor.
	To use the particle editor, launch the game and type 'editParticles' on the console.
*/
particle vehicle_trail {
	{
		count				30
		material			textures/particles/barrelpoof_sort
		time				0.900
		cycles				0.000
		bunching			1.000
		distribution		rect 0.000 0.000 0.000
		direction			cone "0.000"
		orientation			view
		speed				 "13.000"  to "21.000"
		size				 "10.000"  to "23.000"
		aspect				 "1.000"
		rotation				 "6.000"  to "12.000"
		randomDistribution				1
		boundsExpansion				0.000
		fadeIn				0.250
		fadeOut				0.800
		fadeIndex				0.000
		color 				0.160 0.200 0.220 1.000
		fadeColor 			0.100 0.100 0.100 0.000
		offset 				0.000 0.000 0.000
		gravity 			world -8.000
	}
	{
		count				50
		material			textures/particles/smokepuff3
		time				0.100
		cycles				0.000
		bunching			1.000
		distribution		rect 0.000 0.000 0.000
		direction			cone "0.000"
		orientation			view
		speed				 "0.000"
		size				 "33.000"  to "1.000"
		aspect				 "1.000"
		randomDistribution				1
		boundsExpansion				0.000
		fadeIn				0.050
		fadeOut				1.000
		fadeIndex				0.000
		color 				0.080 0.230 0.180 1.000
		fadeColor 			0.000 0.000 0.000 0.000
		offset 				0.000 0.000 0.000
		gravity 			-8.000
	}
}

/*
	Generated by the Particle Editor.
	To use the particle editor, launch the game and type 'editParticles' on the console.
*/
particle vehicle_smokesparks {
	{
		count				12
		material			textures/particles/boomboom3
		time				0.050
		cycles				1.000
		deadTime			4.000
		bunching			0.000
		distribution		sphere 0.100 0.100 0.100 
		direction			outward "0.000" 
		orientation			view 
		speed				 "5.000"  to "21.000"
		size				 "5.500"  to "13.000"
		aspect				 "1.000"  to "1.500"
		randomDistribution				1
		boundsExpansion				0.000
		fadeIn				0.000
		fadeOut				0.600
		fadeIndex				0.000
		color 				0.870 0.910 0.450 1.000
		fadeColor 			0.000 0.000 0.000 0.000
		offset 				0.000 0.000 0.000
		gravity 			world -2.000
	}
}