

/*
	Generated by the Particle Editor.
	To use the particle editor, launch the game and type 'editParticles' on the console.
*/
particle flashmodworld {
	depthHack	70
	{
		count				1
		material			textures/particles/beam1
		time				0.001
		cycles				0.000
		bunching			1.000
		distribution		rect 33.800 0.000 0.000 
		direction			outward "0.000" 
		orientation			aimed 0.000 0.000 
		speed				 "70.000" 
		size				 "7.000" 
		aspect				 "1.000" 
		randomDistribution				0
		boundsExpansion				0.000
		fadeIn				0.000
		fadeOut				0.000
		fadeIndex				0.000
		color 				1.000 1.000 1.000 1.000
		fadeColor 			0.000 0.000 0.000 0.000
		offset 				0.000 0.000 0.000
		gravity 			0.000
	}
	{
		count				1
		material			models/items/flashlight/flare2
		time				0.001
		cycles				0.000
		bunching			1.000
		distribution		rect 0.500 0.000 0.000 
		direction			outward "0.000" 
		orientation			view 
		speed				 "0.000" 
		size				 "5.500" 
		aspect				 "1.000" 
		rotation				 "1.000" 
		randomDistribution				0
		boundsExpansion				0.000
		fadeIn				0.000
		fadeOut				0.000
		fadeIndex				0.000
		color 				1.000 1.000 1.000 1.000
		fadeColor 			0.000 0.000 0.000 0.000
		offset 				0.000 0.000 0.000
		gravity 			0.000
	}
	{
		count				1
		material			models/items/flashlight/sgbulb
		time				0.001
		cycles				0.000
		bunching			1.000
		distribution		rect 0.000 0.000 0.000 
		direction			outward "0.000" 
		orientation			x 
		speed				 "0.000" 
		size				 "1.000" 
		aspect				 "1.000" 
		randomDistribution				0
		boundsExpansion				0.000
		fadeIn				0.000
		fadeOut				0.000
		fadeIndex				0.000
		color 				1.000 1.000 1.000 1.000
		fadeColor 			0.000 0.000 0.000 0.000
		offset 				0.000 0.000 0.000
		gravity 			0.000
	}
}

/*
	Generated by the Particle Editor.
	To use the particle editor, launch the game and type 'editParticles' on the console.
*/
particle flashmod {
	{
		count				1
		material			textures/particles/beam1
		time				0.001
		cycles				0.000
		bunching			1.000
		distribution		rect 33.800 0.000 0.000 
		direction			outward "0.000" 
		orientation			aimed 0.000 0.000 
		speed				 "70.000" 
		size				 "7.000" 
		aspect				 "4.000" 
		randomDistribution				0
		boundsExpansion				0.000
		fadeIn				0.000
		fadeOut				0.000
		fadeIndex				0.000
		color 				1.000 1.000 1.000 1.000
		fadeColor 			1.000 1.000 1.000 1.000
		offset 				0.000 0.000 0.000
		gravity 			0.000
	}
	{
		count				1
		material			models/items/flashlight/flare
		time				0.001
		cycles				0.000
		bunching			1.000
		distribution		rect 0.000 0.000 0.000 
		direction			outward "0.000" 
		orientation			view 
		speed				 "0.000" 
		size				 "4.000" 
		aspect				 "1.000" 
		rotation				 "1.000" 
		randomDistribution				0
		boundsExpansion				0.000
		fadeIn				0.000
		fadeOut				0.000
		fadeIndex				0.000
		color 				1.000 1.000 1.000 1.000
		fadeColor 			1.000 1.000 1.000 1.000
		offset 				0.000 0.000 0.000
		gravity 			0.000
	}
}

/*
	Generated by the Particle Editor.
	To use the particle editor, launch the game and type 'editParticles' on the console.
*/
particle lasermod {
	{
		count				1
		material			textures/sfx/beam_red2
		time				0.001
		cycles				0.000
		bunching			1.000
		distribution		rect 30.000 0.000 0.000 
		direction			outward "0.000" 
		orientation			aimed 0.000 0.000 
		speed				 "60.000" 
		size				 "0.080" 
		aspect				 "1.000" 
		randomDistribution				0
		boundsExpansion				0.000
		fadeIn				0.000
		fadeOut				0.000
		fadeIndex				0.000
		color 				1.000 1.000 1.000 1.000
		fadeColor 			1.000 1.000 1.000 1.000
		offset 				0.000 0.000 0.000
		gravity 			0.000
	}
	{
		count				1
		material			textures/particles/flare2_red
		time				0.015
		cycles				0.000
		bunching			1.000
		distribution		rect 0.000 0.000 0.000 
		direction			outward "0.000" 
		orientation			view 
		speed				 "0.000" 
		size				 "2.000" 
		aspect				 "1.000" 
		randomDistribution				0
		boundsExpansion				0.000
		fadeIn				0.000
		fadeOut				0.000
		fadeIndex				0.000
		color 				1.000 0.000 0.000 1.000
		fadeColor 			0.000 0.000 0.000 0.000
		offset 				0.000 0.000 0.000
		gravity 			0.000
	}
}


