

/*
	Generated by the Particle Editor.
	To use the particle editor, launch the game and type 'editParticles' on the console.
*/
particle chaingun_flash {
	{
		count				1
		material			models/weapons/mflash/cgun_mflash
		time				0.150
		cycles				1.000
		bunching			0.000
		distribution		rect 3.000 0.000 0.000 
		direction			outward "0.000" 
		orientation			view 
		speed				 "-20.000"  to "0.000"
		size				 "8.600"  to "5.000"
		aspect				 "1.000" 
		randomDistribution				0
		boundsExpansion				0.000
		fadeIn				0.000
		fadeOut				0.000
		fadeIndex				0.000
		color 				1.000 1.000 1.000 1.000
		fadeColor 			0.000 0.000 0.000 0.000
		offset 				0.000 0.000 0.000
		gravity 			0.000
	}
}

/*
	Generated by the Particle Editor.
	To use the particle editor, launch the game and type 'editParticles' on the console.
*/
particle chaingun_flash_world {
	{
		count				2
		material			models/weapons/mflash/cgun_mflash
		time				0.150
		cycles				1.000
		bunching			0.500
		distribution		rect 4.000 0.000 0.000 
		direction			outward "0.000" 
		orientation			view 
		speed				 "45.000"  to "-90.000"
		size				 "14.000"  to "8.000"
		aspect				 "1.000" 
		randomDistribution				0
		boundsExpansion				0.000
		fadeIn				0.000
		fadeOut				0.000
		fadeIndex				0.000
		color 				1.000 0.580 0.420 1.000
		fadeColor 			0.000 0.000 0.000 0.000
		offset 				0.000 0.000 0.000
		gravity 			0.000
	}
	{
		count				2
		material			models/weapons/mflash/cgun_mflash
		time				0.150
		cycles				1.000
		bunching			0.500
		distribution		rect 13.000 0.000 0.000 
		direction			outward "0.000" 
		orientation			view 
		speed				 "42.000"  to "-200.000"
		size				 "10.000"  to "4.000"
		aspect				 "1.000" 
		randomDistribution				0
		boundsExpansion				0.000
		fadeIn				0.000
		fadeOut				0.000
		fadeIndex				0.000
		color 				1.000 1.000 1.000 1.000
		fadeColor 			0.000 0.000 0.000 0.000
		offset 				0.000 0.000 0.000
		gravity 			0.000
	}
}

/*
	Generated by the Particle Editor.
	To use the particle editor, launch the game and type 'editParticles' on the console.
*/
particle shotgun_flash {
	{
		count				1
		material			textures/particles/weapons/shotgun_mflash
		time				0.150
		cycles				1.000
		bunching			0.000
		distribution		rect 3.200 0.000 0.000 
		direction			outward "0.000" 
		orientation			view 
		speed				 "35.000"  to "-40.000"
		size				 "18.000"  to "12.000"
		aspect				 "1.000" 
		randomDistribution				0
		boundsExpansion				0.000
		fadeIn				0.000
		fadeOut				0.000
		fadeIndex				0.000
		color 				1.000 1.000 1.000 1.000
		fadeColor 			0.000 0.000 0.000 0.000
		offset 				0.000 0.000 0.000
		gravity 			0.000
	}
	{
		count				1
		material			textures/particles/boomboom2_mflash
		time				0.150
		cycles				1.000
		bunching			0.000
		distribution		rect 5.500 0.000 0.000 
		direction			outward "0.000" 
		orientation			view 
		speed				 "-40.000"  to "0.000"
		size				 "10.000"  to "4.000"
		aspect				 "1.000" 
		randomDistribution				0
		boundsExpansion				0.000
		fadeIn				0.000
		fadeOut				0.250
		fadeIndex				0.000
		color 				1.000 0.930 0.530 1.000
		fadeColor 			0.000 0.000 0.000 0.000
		offset 				0.000 0.000 0.000
		gravity 			0.000
	}
}

/*
	Generated by the Particle Editor.
	To use the particle editor, launch the game and type 'editParticles' on the console.
*/
particle shotgun_double_flash {
	{
		count				1
		material			textures/particles/weapons/shotgun_mflash
		time				0.160
		cycles				1.000
		bunching			0.000
		distribution		rect 3.200 0.000 0.000 
		direction			outward "0.000" 
		orientation			view 
		speed				 "35.000"  to "-40.000"
		size				 "18.000"  to "12.000"
		aspect				 "1.000" 
		randomDistribution				0
		boundsExpansion				0.000
		fadeIn				0.000
		fadeOut				0.000
		fadeIndex				0.000
		color 				1.000 0.630 0.490 1.000
		fadeColor 			0.000 0.000 0.000 0.000
		offset 				0.000 0.000 0.000
		gravity 			0.000
	}
	{
		count				1
		material			textures/particles/boomboom2_mflash
		time				0.155
		cycles				1.000
		bunching			0.000
		distribution		rect 5.500 0.800 0.000 
		direction			outward "0.000" 
		orientation			view 
		speed				 "-40.000"  to "0.000"
		size				 "10.000"  to "4.000"
		aspect				 "1.000" 
		randomDistribution				0
		boundsExpansion				0.000
		fadeIn				0.000
		fadeOut				0.150
		fadeIndex				0.000
		color 				1.000 0.890 0.670 1.000
		fadeColor 			0.000 0.000 0.000 0.000
		offset 				0.000 -2.000 0.000
		gravity 			0.000
	}
	{
		count				1
		material			textures/particles/boomboom2_mflash
		time				0.155
		cycles				1.000
		bunching			0.000
		distribution		rect 5.500 0.000 0.000 
		direction			outward "0.000" 
		orientation			view 
		speed				 "-40.000"  to "0.000"
		size				 "10.000"  to "4.000"
		aspect				 "1.000" 
		randomDistribution				0
		boundsExpansion				0.000
		fadeIn				0.000
		fadeOut				0.150
		fadeIndex				0.000
		color 				1.000 0.890 0.670 1.000
		fadeColor 			0.000 0.000 0.000 0.000
		offset 				0.000 1.000 0.000
		gravity 			0.000
	}
}

/*
	Generated by the Particle Editor.
	To use the particle editor, launch the game and type 'editParticles' on the console.
*/
particle shotgun_flash_world {
	{
		count				1
		material			models/weapons/shotgun/shotgun_mflash
		time				0.150
		cycles				1.000
		bunching			0.000
		distribution		rect 3.000 0.000 0.000 
		direction			outward "0.000" 
		orientation			view 
		speed				 "50.000"  to "-50.000"
		size				 "23.000"  to "15.000"
		aspect				 "1.000" 
		randomDistribution				0
		boundsExpansion				0.000
		fadeIn				0.000
		fadeOut				0.000
		fadeIndex				0.000
		color 				1.000 1.000 1.000 1.000
		fadeColor 			0.000 0.000 0.000 0.000
		offset 				0.000 0.000 0.000
		gravity 			0.000
	}
	{
		count				1
		material			textures/particles/weapons/shotgun_mflash2
		time				0.025
		cycles				5.000
		bunching			0.000
		distribution		rect 25.500 0.000 0.000 
		direction			outward "0.000" 
		orientation			aimed 0.000 0.000 
		speed				 "56.000" 
		size				 "4.000" 
		aspect				 "1.000" 
		randomDistribution				0
		boundsExpansion				0.000
		fadeIn				0.000
		fadeOut				0.000
		fadeIndex				0.000
		color 				1.000 1.000 1.000 1.000
		fadeColor 			0.000 0.000 0.000 0.000
		offset 				0.000 0.000 0.000
		gravity 			0.000
	}
	{
		count				1
		material			textures/particles/boomboom2_mflash
		time				0.150
		cycles				1.000
		bunching			0.000
		distribution		rect 5.500 0.000 0.000 
		direction			outward "0.000" 
		orientation			view 
		speed				 "-40.000"  to "0.000"
		size				 "10.000"  to "4.000"
		aspect				 "1.000" 
		randomDistribution				0
		boundsExpansion				0.000
		fadeIn				0.000
		fadeOut				0.250
		fadeIndex				0.000
		color 				1.000 0.930 0.530 1.000
		fadeColor 			0.000 0.000 0.000 0.000
		offset 				0.000 0.000 0.000
		gravity 			0.000
	}
}

/*
	Generated by the Particle Editor.
	To use the particle editor, launch the game and type 'editParticles' on the console.
*/
particle machinegun_flash_half {
	{
		count				1
		material			textures/particles/weapons/pistol_mflash
		time				0.150
		cycles				1.000
		bunching			0.000
		distribution		rect 1.500 0.000 0.000 
		direction			outward "0.000" 
		orientation			view 
		speed				 "-15.000"  to "0.000"
		size				 "5.500"  to "3.000"
		aspect				 "1.000" 
		rotation				 "100.000"  to "1000.000"
		randomDistribution				0
		boundsExpansion				0.000
		fadeIn				0.000
		fadeOut				0.000
		fadeIndex				0.000
		color 				1.000 1.000 1.000 1.000
		fadeColor 			0.000 0.000 0.000 0.000
		offset 				0.000 0.000 0.000
		gravity 			0.000
	}
	{
		count				1
		material			textures/particles/weapons/pistol_mflash2
		time				0.150
		cycles				1.000
		bunching			0.000
		distribution		rect 15.000 0.000 0.000 
		direction			outward "0.000" 
		orientation			aimed 0.000 0.000 
		speed				 "40.000" 
		size				 "1.000" 
		aspect				 "1.000" 
		randomDistribution				0
		boundsExpansion				0.000
		fadeIn				0.000
		fadeOut				0.000
		fadeIndex				0.000
		color 				1.000 1.000 1.000 1.000
		fadeColor 			0.000 0.000 0.000 0.000
		offset 				0.000 0.000 0.000
		gravity 			0.000
	}
}

/*
	Generated by the Particle Editor.
	To use the particle editor, launch the game and type 'editParticles' on the console.
*/
particle machinegun_flash_half_world {
	{
		count				1
		material			textures/particles/weapons/pistol_mflash
		time				0.150
		cycles				1.000
		bunching			0.000
		distribution		rect 1.000 0.000 0.000 
		direction			outward "0.000" 
		orientation			view 
		speed				 "40.000"  to "-80.000"
		size				 "9.000"  to "5.000"
		aspect				 "1.000" 
		rotation				 "100.000"  to "1000.000"
		randomDistribution				0
		boundsExpansion				0.000
		fadeIn				0.000
		fadeOut				0.000
		fadeIndex				0.000
		color 				1.000 1.000 1.000 1.000
		fadeColor 			0.000 0.000 0.000 0.000
		offset 				0.000 0.000 0.000
		gravity 			0.000
	}
	{
		count				1
		material			textures/particles/weapons/pistol_mflash2
		time				0.150
		cycles				1.000
		bunching			0.000
		distribution		rect 10.000 0.000 0.000 
		direction			outward "0.000" 
		orientation			aimed 0.000 0.000 
		speed				 "28.000" 
		size				 "1.400" 
		aspect				 "1.000" 
		randomDistribution				0
		boundsExpansion				0.000
		fadeIn				0.000
		fadeOut				0.000
		fadeIndex				0.000
		color 				1.000 1.000 1.000 1.000
		fadeColor 			0.000 0.000 0.000 0.000
		offset 				0.000 0.000 0.000
		gravity 			0.000
	}
	{
		count				1
		material			textures/particles/boomboom4
		time				0.140
		cycles				1.000
		bunching			0.000
		distribution		rect 0.200 0.200 0.200 
		direction			outward "0.000" 
		orientation			view 
		speed				 "0.000" 
		size				 "5.500"  to "3.000"
		aspect				 "1.000" 
		randomDistribution				1
		boundsExpansion				0.000
		fadeIn				0.000
		fadeOut				0.550
		fadeIndex				0.000
		color 				1.000 0.950 0.680 1.000
		fadeColor 			0.000 0.000 0.000 0.000
		offset 				1.000 0.000 0.000
		gravity 			0.000
	}
}

/*
	Generated by the Particle Editor.
	To use the particle editor, launch the game and type 'editParticles' on the console.
*/
particle pistol_flash {
	{
		count				1
		material			textures/particles/weapons/pistol_mflash
		time				0.150
		cycles				1.000
		bunching			0.000
		distribution		rect 1.000 0.000 0.000 
		direction			outward "0.000" 
		orientation			view 
		speed				 "5.000"  to "-30.000"
		size				 "7.500"  to "3.000"
		aspect				 "1.000" 
		randomDistribution				0
		boundsExpansion				0.000
		fadeIn				0.000
		fadeOut				0.000
		fadeIndex				0.000
		color 				1.000 1.000 1.000 1.000
		fadeColor 			0.000 0.000 0.000 0.000
		offset 				0.000 0.000 0.000
		gravity 			0.000
	}
	{
		count				1
		material			textures/particles/weapons/pistol_mflash2
		time				0.004
		cycles				36.000
		bunching			0.000
		distribution		rect 15.500 0.000 0.000 
		direction			outward "0.000" 
		orientation			aimed 0.000 0.000 
		speed				 "37.000" 
		size				 "1.000" 
		aspect				 "1.000" 
		randomDistribution				0
		boundsExpansion				0.000
		fadeIn				0.000
		fadeOut				0.000
		fadeIndex				0.000
		color 				1.000 1.000 1.000 1.000
		fadeColor 			0.000 0.000 0.000 0.000
		offset 				0.000 0.000 0.000
		gravity 			0.000
	}
}

/*
	Generated by the Particle Editor.
	To use the particle editor, launch the game and type 'editParticles' on the console.
*/
particle pistol_flash_world {
	{
		count				1
		material			textures/particles/weapons/pistol_mflash
		time				0.150
		cycles				1.000
		bunching			0.000
		distribution		rect 0.000 0.000 0.000 
		direction			outward "0.000" 
		orientation			view 
		speed				 "8.000"  to "-25.000"
		size				 "12.000"  to "8.000"
		aspect				 "1.000" 
		angle				90.000
		randomDistribution				0
		boundsExpansion				0.000
		fadeIn				0.000
		fadeOut				0.000
		fadeIndex				0.000
		color 				1.000 1.000 1.000 1.000
		fadeColor 			0.000 0.000 0.000 0.000
		offset 				2.000 0.000 0.000
		gravity 			0.000
	}
	{
		count				1
		material			textures/particles/weapons/pistol_mflash2
		time				0.067
		cycles				2.000
		bunching			1.000
		distribution		rect 12.000 0.000 0.000 
		direction			outward "0.000" 
		orientation			aimed 0.000 0.000 
		speed				 "30.000" 
		size				 "2.000" 
		aspect				 "1.000" 
		randomDistribution				0
		boundsExpansion				0.000
		fadeIn				0.100
		fadeOut				0.250
		fadeIndex				0.000
		color 				1.000 1.000 1.000 1.000
		fadeColor 			0.000 0.000 0.000 0.000
		offset 				0.000 0.000 0.000
		gravity 			0.000
	}
}


